  Determining projects to restore...
E:\Graduation Project (N)\Surgenius\Surgenius.Domain\Surgenius.Domain.csproj : warning NU1900: Error occurred while getting package vulnerability data: Unable to load the service index for source https://api.nuget.org/v3/index.json. [E:\Graduation Project (N)\Surgenius\Surgenius.sln]
E:\Graduation Project (N)\Surgenius\Surgenius.Application\Surgenius.Application.csproj : warning NU1900: Error occurred while getting package vulnerability data: Unable to load the service index for source https://api.nuget.org/v3/index.json. [E:\Graduation Project (N)\Surgenius\Surgenius.sln]
  All projects are up-to-date for restore.
E:\Graduation Project (N)\Surgenius\Surgenius.Domain\Surgenius.Domain.csproj : warning NU1900: Error occurred while getting package vulnerability data: Unable to load the service index for source https://api.nuget.org/v3/index.json.
E:\Graduation Project (N)\Surgenius\Surgenius.Application\Surgenius.Application.csproj : warning NU1900: Error occurred while getting package vulnerability data: Unable to load the service index for source https://api.nuget.org/v3/index.json.
E:\Graduation Project (N)\Surgenius\Surgenius.Domain\Models\ApplicationUser.cs(17,24): error CS0246: The type or namespace name 'RefreshToken' could not be found (are you missing a using directive or an assembly reference?) [E:\Graduation Project (N)\Surgenius\Surgenius.Domain\Surgenius.Domain.csproj]

Build FAILED.

E:\Graduation Project (N)\Surgenius\Surgenius.Domain\Surgenius.Domain.csproj : warning NU1900: Error occurred while getting package vulnerability data: Unable to load the service index for source https://api.nuget.org/v3/index.json. [E:\Graduation Project (N)\Surgenius\Surgenius.sln]
E:\Graduation Project (N)\Surgenius\Surgenius.Application\Surgenius.Application.csproj : warning NU1900: Error occurred while getting package vulnerability data: Unable to load the service index for source https://api.nuget.org/v3/index.json. [E:\Graduation Project (N)\Surgenius\Surgenius.sln]
E:\Graduation Project (N)\Surgenius\Surgenius.Domain\Surgenius.Domain.csproj : warning NU1900: Error occurred while getting package vulnerability data: Unable to load the service index for source https://api.nuget.org/v3/index.json.
E:\Graduation Project (N)\Surgenius\Surgenius.Application\Surgenius.Application.csproj : warning NU1900: Error occurred while getting package vulnerability data: Unable to load the service index for source https://api.nuget.org/v3/index.json.
E:\Graduation Project (N)\Surgenius\Surgenius.Domain\Models\ApplicationUser.cs(17,24): error CS0246: The type or namespace name 'RefreshToken' could not be found (are you missing a using directive or an assembly reference?) [E:\Graduation Project (N)\Surgenius\Surgenius.Domain\Surgenius.Domain.csproj]
    4 Warning(s)
    1 Error(s)

Time Elapsed 00:00:02.79
